---
source: crates/constat-collect/tests/snapshots_extracteurs.rs
assertion_line: 139
expression: facts
---
[
    Fact {
        entity: EntityId(
            "host:windows",
        ),
        attribute: Attribute(
            "policy.lockout_duration_minutes",
        ),
        value: Int(
            30,
        ),
    },
    Fact {
        entity: EntityId(
            "host:windows",
        ),
        attribute: Attribute(
            "policy.lockout_observation_minutes",
        ),
        value: Int(
            30,
        ),
    },
    Fact {
        entity: EntityId(
            "host:windows",
        ),
        attribute: Attribute(
            "policy.lockout_threshold",
        ),
        value: Int(
            5,
        ),
    },
    Fact {
        entity: EntityId(
            "host:windows",
        ),
        attribute: Attribute(
            "policy.max_password_age_days",
        ),
        value: Int(
            42,
        ),
    },
    Fact {
        entity: EntityId(
            "host:windows",
        ),
        attribute: Attribute(
            "policy.min_password_age_days",
        ),
        value: Int(
            1,
        ),
    },
    Fact {
        entity: EntityId(
            "host:windows",
        ),
        attribute: Attribute(
            "policy.min_password_length",
        ),
        value: Int(
            8,
        ),
    },
    Fact {
        entity: EntityId(
            "host:windows",
        ),
        attribute: Attribute(
            "policy.password_history_length",
        ),
        value: Int(
            24,
        ),
    },
]
