---
source: crates/constat-collect/tests/snapshots_extracteurs.rs
assertion_line: 138
expression: redacted
---
# capture windows.password_policy anonymisée (NetUserModalsGet 0 et 3)
[password_policy]
min_password_length = 8
min_password_age_seconds = 86400
max_password_age_seconds = 3628800
password_history_length = 24
lockout_threshold = 5
lockout_duration_seconds = 1800
lockout_observation_seconds = 1800
